// Jest Snapshot v1, https://goo.gl/fbAQLP

exports[`renders SupportOfficerPage page 1`] = `
Array [
  <div
    className="text-center mt-5 p-5 mb-5"
  >
    <h1>
      Welcome!
    </h1>
    <p>
      Select the operation you want to perform.
    </p>
  </div>,
  <div
    className="container-fluid"
  >
    <div
      className="justify-content-center row"
    >
      <div
        className="col-lg-2"
      >
        <div
          className="text-center bg-white rounded card"
          onClick={[Function]}
          onMouseEnter={[Function]}
          onMouseLeave={[Function]}
          style={
            Object {
              "cursor": "pointer",
            }
          }
        >
          <div
            className="card-body"
          >
            <svg
              className="mt-3 mb-4"
              fill="currentColor"
              height={32}
              size={32}
              stroke="currentColor"
              strokeWidth="0"
              style={
                Object {
                  "color": undefined,
                }
              }
              viewBox="0 0 512 512"
              width={32}
              xmlns="http://www.w3.org/2000/svg"
            >
              <path
                d="M501.1 395.7L384 278.6c-23.1-23.1-57.6-27.6-85.4-13.9L192 158.1V96L64 0 0 64l96 128h62.1l106.6 106.6c-13.6 27.8-9.2 62.3 13.9 85.4l117.1 117.1c14.6 14.6 38.2 14.6 52.7 0l52.7-52.7c14.5-14.6 14.5-38.2 0-52.7zM331.7 225c28.3 0 54.9 11 74.9 31l19.4 19.4c15.8-6.9 30.8-16.5 43.8-29.5 37.1-37.1 49.7-89.3 37.9-136.7-2.2-9-13.5-12.1-20.1-5.5l-74.4 74.4-67.9-11.3L334 98.9l74.4-74.4c6.6-6.6 3.4-17.9-5.7-20.2-47.4-11.7-99.6.9-136.6 37.9-28.5 28.5-41.9 66.1-41.2 103.6l82.1 82.1c8.1-1.9 16.5-2.9 24.7-2.9zm-103.9 82l-56.7-56.7L18.7 402.8c-25 25-25 65.5 0 90.5s65.5 25 90.5 0l123.6-123.6c-7.6-19.9-9.9-41.6-5-62.7zM64 472c-13.2 0-24-10.8-24-24 0-13.3 10.7-24 24-24s24 10.7 24 24c0 13.2-10.7 24-24 24z"
              />
            </svg>
            <p
              className="card-text"
            >
              Setup
            </p>
          </div>
        </div>
      </div>
      <div
        className="col-lg-2"
      >
        <div
          className="text-center bg-white rounded card"
          onClick={[Function]}
          onMouseEnter={[Function]}
          onMouseLeave={[Function]}
          style={
            Object {
              "cursor": "pointer",
            }
          }
        >
          <div
            className="card-body"
          >
            <svg
              className="mt-3 mb-4"
              fill="currentColor"
              height={32}
              size={32}
              stroke="currentColor"
              strokeWidth="0"
              style={
                Object {
                  "color": undefined,
                }
              }
              viewBox="0 0 576 512"
              width={32}
              xmlns="http://www.w3.org/2000/svg"
            >
              <path
                d="M402.6 83.2l90.2 90.2c3.8 3.8 3.8 10 0 13.8L274.4 405.6l-92.8 10.3c-12.4 1.4-22.9-9.1-21.5-21.5l10.3-92.8L388.8 83.2c3.8-3.8 10-3.8 13.8 0zm162-22.9l-48.8-48.8c-15.2-15.2-39.9-15.2-55.2 0l-35.4 35.4c-3.8 3.8-3.8 10 0 13.8l90.2 90.2c3.8 3.8 10 3.8 13.8 0l35.4-35.4c15.2-15.3 15.2-40 0-55.2zM384 346.2V448H64V128h229.8c3.2 0 6.2-1.3 8.5-3.5l40-40c7.6-7.6 2.2-20.5-8.5-20.5H48C21.5 64 0 85.5 0 112v352c0 26.5 21.5 48 48 48h352c26.5 0 48-21.5 48-48V306.2c0-10.7-12.9-16-20.5-8.5l-40 40c-2.2 2.3-3.5 5.3-3.5 8.5z"
              />
            </svg>
            <p
              className="card-text"
            >
              Update schedule of courses
            </p>
          </div>
        </div>
      </div>
      <div
        className="col-lg-2"
      >
        <div
          className="text-center bg-white rounded card"
          onClick={[Function]}
          onMouseEnter={[Function]}
          onMouseLeave={[Function]}
          style={
            Object {
              "cursor": "pointer",
            }
          }
        >
          <div
            className="card-body"
          >
            <svg
              className="mt-3 mb-4"
              fill="currentColor"
              height={32}
              size={32}
              stroke="currentColor"
              strokeWidth="0"
              style={
                Object {
                  "color": undefined,
                }
              }
              viewBox="0 0 576 512"
              width={32}
              xmlns="http://www.w3.org/2000/svg"
            >
              <path
                d="M402.6 83.2l90.2 90.2c3.8 3.8 3.8 10 0 13.8L274.4 405.6l-92.8 10.3c-12.4 1.4-22.9-9.1-21.5-21.5l10.3-92.8L388.8 83.2c3.8-3.8 10-3.8 13.8 0zm162-22.9l-48.8-48.8c-15.2-15.2-39.9-15.2-55.2 0l-35.4 35.4c-3.8 3.8-3.8 10 0 13.8l90.2 90.2c3.8 3.8 10 3.8 13.8 0l35.4-35.4c15.2-15.3 15.2-40 0-55.2zM384 346.2V448H64V128h229.8c3.2 0 6.2-1.3 8.5-3.5l40-40c7.6-7.6 2.2-20.5-8.5-20.5H48C21.5 64 0 85.5 0 112v352c0 26.5 21.5 48 48 48h352c26.5 0 48-21.5 48-48V306.2c0-10.7-12.9-16-20.5-8.5l-40 40c-2.2 2.3-3.5 5.3-3.5 8.5z"
              />
            </svg>
            <p
              className="card-text"
            >
              Update bookable lectures
            </p>
          </div>
        </div>
      </div>
    </div>
  </div>,
]
`;
