// Jest Snapshot v1, https://goo.gl/fbAQLP

exports[`renders learn react link 1`] = `
<div
  className="container-fluid"
>
  <div
    className="row"
  >
    <div
      className="col-2 mt-3 col"
    >
      <div
        className="list-group"
        onKeyDown={[Function]}
      >
        <button
          className="list-group-item active list-group-item-action"
          data-rb-event-key={null}
          disabled={false}
          onClick={[Function]}
        >
          Lecture
        </button>
        <button
          className="list-group-item list-group-item-action"
          data-rb-event-key={null}
          disabled={false}
          onClick={[Function]}
        >
          Week
        </button>
        <button
          className="list-group-item list-group-item-action"
          data-rb-event-key={null}
          disabled={false}
          onClick={[Function]}
        >
          Month
        </button>
      </div>
    </div>
    <div
      className="col-8 mt-3 col"
    />
    <div
      className="col-2 mt-3 col"
    >
      <div
        className="list-group"
        onKeyDown={[Function]}
      />
    </div>
  </div>
</div>
`;
